<!DOCTYPE html>
<html lang="en">
<head>
    <meta charset="UTF-8">
    <title>Demo</title>
    <script type="importmap">
        {
          "imports": {
          }
        }
    </script>


</head>
<body>

<script type="module" src="actual/demo-test.mjs"></script>
</body>
</html>