<!DOCTYPE html>
<html lang="en">
<head>
    <meta charset="UTF-8">
    <title>Title</title>
</head>
<body>
<script type="module" src="actual/demo-test-2.mjs"></script>
</body>
</html>