{
  "name": "something",
  "main": "./example/cjs/demo.cjs",
  "module": "./actual/demo-test-14.mjs",
  "type": "module",
  "exports": {
    ".": {
      "require": "./given/demo-test-14.cjs",
      "import": "./actual/demo-test-14.mjs"
    }
  }
}